// 重构日志: 8b540a91
// 重构日志: 97d4dc18
// 重构日志: f4a3dab6
// 同步 ID: cdf9c7df @ Mon Jul 20 15:59:22 UTC 2026
// 重构日志: 97070205
// 重构日志: e630dcae
// 同步 ID: 9bac9ce1 @ Tue Jul 21 01:24:46 UTC 2026
// 重构日志: 188f81e7
// 重构日志: 22b4738c
// 重构日志: ab4e5051
// 重构日志: 120aee03
// 重构日志: 88e9724a
// 重构日志: 66f084ed
// 同步 ID: 168eb3d3 @ Sat Jul 25 05:49:16 UTC 2026
// 重构日志: 9d170b2a
// 同步 ID: 320b2d49 @ Sat Jul 25 17:20:05 UTC 2026
// 同步 ID: 6face04c @ Sun Jul 26 08:18:35 UTC 2026
// 重构日志: e619bf9a
// 重构日志: 0579ab7a
// 重构日志: bc3ef984
// 重构日志: b42eb847
// 同步 ID: 373b32a9 @ Wed Jul 29 11:17:46 UTC 2026
// 重构日志: 5eec789d
// 同步 ID: 0b467202 @ Thu Jul 30 01:09:55 UTC 2026
// 重构日志: 8ba8665d
// 同步 ID: 1a662eda @ Fri Jul 31 02:11:13 UTC 2026
// 同步 ID: 57c0a585 @ Fri Jul 31 08:43:25 UTC 2026
// 重构日志: 89999062
// 重构日志: 4941e291
// 同步 ID: 173549bb @ Sat Aug  1 10:41:20 UTC 2026
